# E2E run — facturación de plataforma · PASADA DE RENDER (chrome-devtools)
# modo: feature (slug=plataforma-facturacion-suscripciones)
# scope: los 8 checks 🟡 de la corrida previa (render en navegador) + design compliance §3.5
# server: http://localhost:3001 (una sola instancia) · admin por subdominio <slug>.localhost:3001
# carril: chrome-devtools (autorizado por el usuario). Playwright INTACTO.
# log aparte de tasks/.e2e-run.log a propósito (archivo compartido entre carriles)
# ---------------------------------------------------------------------------
[17:31] carril: chrome-devtools LIBRE (about:blank, Chrome relanzado). Playwright vivo en about:blank => no se toca.
[17:31] baseline DB: 0 PlatformSubscription/Invoice/Customer/Coupon/Redemption; 7 PlatformExemption GRANDFATHER perpetuas. Restauracion del tester previo CONFIRMADA.
[17:42] INCIDENTE AJENO 17:32-17:34: carril sistema-correos renombro plantillaDescarga.ts -> plantillaConfirmacionCompra.ts sin actualizar el importer => TODO el router tRPC en 500. Se recupero a las 17:34:16 con un shim. No es de facturacion.
[17:42] INCIDENTE AJENO ~17:23-en curso: node_modules/.bin y node_modules/.prisma/client DESAPARECIERON (npm/prisma generate de otro carril, sin proceso vivo). npx tsx inutilizable => estados inducidos por SQL crudo via 'prisma db execute --stdin' (tmp/fscen.sh, tmp/fread.sh). El dev server sigue vivo.
[17:42] cortesia.e2e.001 (mitad perpetua) PASS  render: 'Plan cortesia' + 'Tu tienda vende sin costo, sin fecha de termino'; sin badge, sin monto, sin Cancelar, SIN banner; rail COMPLETO
[17:42] plan.e2e.001  PASS  card: badge 'Al dia' teal #1d7a70, $25.000/mes, 'Tarjeta Visa terminada en 4242'; tabla Cobros: FALLIDA badge ambar #a06b08 + boton Pagar href=paymentLink target=_blank rel=noreferrer; PAGADA badge teal SIN boton; montos $25.000 con tabular-nums; sin banner
[17:43] plan.e2e.003 PASS  render: 'Plan cortesia' + 'sin fecha de termino' Y ADEMAS el plan vivo ('Ademas tienes un plan activo, que se sigue cobrando todos los meses...'), badge Al dia, $25.000/mes, tarjeta Visa 4242, 'Cancelar mi plan' y la tabla Cobros. El pre-existente que F10 cerro, en pantalla.
[17:45] pausa.e2e.002 (mitad EN_PAUSA) PASS  /admin/productos,/admin,/admin/ventas,/admin/sorteo,/admin/configuracion -> /admin/plan EN EL NAVEGADOR; banner ROJO #c03e2e 'Tu tienda esta en pausa' + boton 'Pagar ahora' href=paymentLink target=_blank; rail SOLO 'Plan'; badge 'En pausa por pago' rojo, cobro 'Impago' (VENCIDA) rojo, 'Pagado' teal
[17:45] NOTA UX 1 CONFIRMADA en navegador: el HTML del SSR de /admin/plan con la tienda EN PAUSA trae el rail COMPLETO (Resumen/Productos/Ventas/Sorteo/Plan/Configuracion) y tras hidratar queda solo 'Plan' => hay parpadeo real de 5 items que rebotan (admin-layout.tsx:238)
[17:45] NOTA UX 2 CONFIRMADA en navegador: /editor responde 200 con la tienda en pausa (sin redirect); las 5 rutas /admin/* si redirigen
[17:46] pausa.e2e.002 (mitad COBRO_PENDIENTE) PASS  /admin/productos 200 SIN redirect con su contenido; banner AMBAR #a06b08 'No pudimos cobrar tu plan' (jamas rojo, design.md §9) con icono alert-triangle, 'Pagar ahora' target=_blank + 'Ver mi plan' -> /admin/plan; rail COMPLETO. Banner GLOBAL (aparece fuera de /admin/plan).
[17:47] cancelar.e2e.003 PASS  /admin -> /admin/plan; banner ROJO 'Tu tienda no tiene un plan activo'; rail solo 'Plan'; badge CANCELADA + 'Cancelado: tu tienda vende hasta el 26 jul 2026' + 'Tarjeta Visa terminada en 4242' (la tarjeta SOBREVIVE) + boton 'Reactivar mi plan' (y 'Cancelar mi plan' ya no aparece). Click REAL en 'Reactivar mi plan' abre el modal 'Activa tu plan' con $25.000/mes del server, input de codigo y 'Tu tarjeta la guarda Flow' — NO vuelve a pedir el registro completo.
[17:48] cupon.e2e.002 (mitad navegador, la del 'chequeo del que mas se aprende') PASS  tipear 'e2e50' MINUSCULA en el modal + Continuar => normalizado a E2E50, RESERVA creada (canjes_col=1, 1 redencion con subscriptionId NULL) y el redirect ABANDONADO porque falta la credencial; la UI lo dice en notificacion ROJA con el mensaje fail-fast exacto y el modal queda abierto sin navegar. 'npm run flow:cupones -- listar' imprime 'canjes 0/1 (+1 reserva/s en curso)' — NO 1/1 — con la linea de trazabilidad (fecha, Tienda, correo del Pagador, [reserva en curso]). Reintentar NO duplica la reserva (sigue 1). '--maxCanjes 1' (flag inexistente) falla listando los flags validos, sin crear cupon ilimitado.
[17:50] cortesia.e2e.001 PASS (completo, motivo CORTESIA real)  perpetua: 'Plan cortesia' + 'Tu tienda vende sin costo, sin fecha de termino', sin badge/monto/boton, SIN banner, rail COMPLETO, storefront 200 en /. Con exentaHasta=+90d: 'Tu tienda vende sin costo hasta el 24 oct 2026' + 'Despues de esa fecha vas a poder activar tu plan aca mismo: $25.000 al mes, IVA incluido' y sigue SIN banner.
[17:52] cortesia.e2e.002 (ventana 7d) PASS  +4d: banner AMBAR #a06b08 con icono CLOCK en /admin/ventas (=> es GLOBAL, no solo en Plan), titulo 'Tu plan cortesia esta por terminar', cuerpo con la FECHA EXACTA '30 jul 2026', boton secundario 'Ver mi plan' (NO 'Activar mi plan', D8), rail COMPLETO, storefront 200. Seguir el boton => /admin/plan explica 'Despues de esa fecha vas a poder activar tu plan aca mismo: $25.000 al mes, IVA incluido' (el CTA aterriza en algo que existe). +30d: banner DESAPARECE, rail completo.
[17:53] cortesia.e2e.002 (corte lazy) PASS  exentaHasta en el PASADO + solo recargar (sin cron, sin job, sin redeploy): banner ROJO #c03e2e 'Tu plan cortesia termino' con icono alert-triangle, rail reducido a 'Plan', /admin/productos -> /admin/plan, storefront -> /en-pausa, y AHORA SI aparece 'Activar mi plan' con 'Tu plan seria de $25.000 al mes, IVA incluido'.
[17:57] activar.e2e.003 PASS (COMPLETO)  checklist de e2e-numeros con CORTESIA: 'Tu plan es de cortesia'/'Tu tienda no paga mensualidad' con circle-check TEAL #1d7a70 (cumplido) y sin boton de accion, mientras los 4 items pendientes van con circle-dashed GRIS #565b68 (nunca rojo). Con autora en CONFIGURACION + CORTESIA perpetua los 5 items quedan cumplidos y 'Publicar mi tienda' habilitado: click REAL => notificacion '!Tu tienda esta publicada!', badge 'Publicada', SIN pasar por Flow. DB despues: autora PUBLICADA, subs_autora=0, subs_total=0, customers=0, storefront 200.
[17:58] EXTRA (mitad render de activar.e2e.002, el resto sigue ⏭️): con OTRA suscripcion AL_DIA del MISMO Pagador (e2e-numeros), el modal de autora muestra 'Tienda adicional' + $12.500/mes + aviso GRIS 'Es tu segunda tienda en adelante: va a mitad de precio' => el precio lo calcula el SERVER (I4), el cliente no manda plan ni monto.
[18:06] plan.e2e.001 (cierre) PASS  I7 en la respuesta de red del navegador: tarjeta={marca:Visa,ultimos4:4242} y nada mas; suscripcion sin flowSubscriptionId ni userId/pagadorId; historial FALLIDA con link y PAGADA con null.
[18:06] RESTORE verificado: 0 subs / 0 invoices / 0 customers / 0 cupones / 0 redenciones; 7 exenciones GRANDFATHER perpetuas (autora, bcac, prueba, iselk, demo-dreamy, demo-editorial, demo-noche); autora PUBLICADA; e2e-numeros CONFIGURACION; los 7 storefronts en 200. Salvedad: la fila de exencion de autora es nueva (id/createdAt), semanticamente identica.
[18:06] DESIGN COMPLIANCE §3.5 cerrado: 0 violaciones (ambar #a06b08 para pendiente/preaviso, ladrillo #c03e2e solo para pausa, teal #1d7a70 para al-dia/cumplido, gris #565b68 para pendientes del checklist, montos con Intl+tabular-nums, motion default de Mantine).
fin: 2026-07-26 18:30 | E2E tras 2 pasadas: 12 PASS / 0 FAIL / 8 pendiente-sandbox | de los 8 objetivos de esta pasada: 7 a verde, cupon.e2e.002 reclasificado 🟡 -> ⏭️ (le falta Flow, no render)
[18:12] VITEST re-chequeo post-churn de carriles ajenos (renames en domain/correo, cambios en prisma/schema, node_modules reconstruido): facturacion + panel/restriccionFacturacion + styles/theme => 201/201 PASS en 21 archivos. Sin regresion.
